 ✓ src/auth/SessionContext.test.tsx (1 test) 96ms
 ✓ src/routing/ProtectedRoute.test.tsx (2 tests) 52ms
 ✓ src/ui/ActionMenu.test.tsx (3 tests) 166ms
 ✓ src/routing/router-security.test.tsx (12 tests) 120ms
 ✓ src/files/upload.test.ts (33 tests) 266ms
 ✓ src/files/preview.test.tsx (14 tests) 267ms
 ✓ src/files/TrashPage.test.tsx (6 tests) 317ms
 ✓ src/files/download.test.ts (4 tests) 23ms
 ✓ src/ui/formatBytes.test.ts (26 tests) 11ms
 ✓ src/sharing/publicShareApi.test.ts (4 tests) 17ms
 ✓ src/api/client.test.ts (10 tests) 13ms
 ✓ src/files/api.test.ts (1 test) 3ms
 ✓ src/api/errors.test.ts (4 tests) 2ms
 ✓ src/sharing/PublicSharePage.test.tsx (14 tests) 684ms
 ✓ src/sharing/ShareDialog.test.tsx (15 tests) 816ms
 ✓ src/account/AccountDialog.test.tsx (11 tests) 891ms
 ✓ src/App.test.tsx (9 tests) 893ms
 ✓ src/files/FileBrowserPage.test.tsx (32 tests) 1886ms
 ✓ src/files/uploadQueue.test.ts (17 tests) 3027ms
   ✓ UploadQueue > exhausted network retries preserve reservation; explicit Resume reconciles accepted chunks  1781ms

 Test Files  19 passed (19)
      Tests  218 passed (218)
   Start at  23:19:08
   Duration  4.27s (transform 849ms, setup 1.44s, collect 4.29s, tests 9.55s, environment 9.13s, prepare 3.09s)


> homecloud-frontend@0.0.0 lint
> eslint .


> homecloud-frontend@0.0.0 build
> tsc -b && vite build

vite v6.4.3 building for production...
transforming...
✓ 123 modules transformed.
rendering chunks...
computing gzip size...
dist/index.html                                                     0.39 kB │ gzip:   0.27 kB
dist/assets/jetbrains-mono-vietnamese-wght-normal-Bt-aOZkq.woff2    7.50 kB
dist/assets/manrope-vietnamese-wght-normal-usUDDRr7.woff2           8.52 kB
dist/assets/jetbrains-mono-greek-wght-normal-Bw9x6K1M.woff2         9.00 kB
dist/assets/manrope-greek-wght-normal-DL7QRZyv.woff2                9.44 kB
dist/assets/jetbrains-mono-cyrillic-wght-normal-D73BlboJ.woff2     12.11 kB
dist/assets/manrope-cyrillic-wght-normal-Dvxsihut.woff2            14.50 kB
dist/assets/manrope-latin-ext-wght-normal-Ch3YOpNY.woff2           15.12 kB
dist/assets/jetbrains-mono-latin-ext-wght-normal-DBQx-q_a.woff2    15.20 kB
dist/assets/manrope-latin-wght-normal-DHIcAJRg.woff2               24.84 kB
dist/assets/jetbrains-mono-latin-wght-normal-B9CIFXIH.woff2        40.40 kB
dist/assets/index-DvTmPx-r.css                                     40.31 kB │ gzip:  12.77 kB
dist/assets/index-DkAlW3Vk.js                                     330.96 kB │ gzip: 105.66 kB
✓ built in 774ms
